should match snapshot of default values:
  1: |
    apiVersion: monitoring.coreos.com/v1
    kind: ServiceMonitor
    metadata:
      labels:
        release: prometheus
      name: mlflow
      namespace: monitoring
    spec:
      endpoints:
      - interval: 30s
        path: /metrics
        scrapeTimeout: 10s
        targetPort: http
      jobLabel: mlflow
      namespaceSelector:
        matchNames:
        - mlflow
      selector:
        matchLabels:
          app: mlflow
          app.kubernetes.io/instance: mlflow
          app.kubernetes.io/name: mlflow
