should match snapshot of default values:
  1: |
    apiVersion: v1
    kind: ServiceAccount
    metadata:
      annotations:
        eks.amazonaws.com/role-arn: arn:aws:iam::111122223333:role/iam-role-name
      labels:
        app: mlflow
        app.kubernetes.io/instance: mlflow
        app.kubernetes.io/managed-by: Helm
        app.kubernetes.io/name: mlflow
        app.kubernetes.io/version: 1.0.0
        helm.sh/chart: mlflow-1.0.0
        version: 1.0.0
      name: mlflow
